#-----------------------------------------------------------
# Vivado v2019.1 (64-bit)
# SW Build 2552052 on Fri May 24 14:49:42 MDT 2019
# IP Build 2548770 on Fri May 24 18:01:18 MDT 2019
# Start of session at: Thu Aug 22 18:16:40 2019
# Process ID: 5952
# Current directory: C:/Users/BidlackD/Documents/Git/ML-HFT-FPGA
# Command line: vivado.exe -gui_launcher_event rodinguilauncherevent13908 C:\Users\BidlackD\Documents\Git\ML-HFT-FPGA\ML-HFT-FPGA.xpr
# Log file: C:/Users/BidlackD/Documents/Git/ML-HFT-FPGA/vivado.log
# Journal file: C:/Users/BidlackD/Documents/Git/ML-HFT-FPGA\vivado.jou
#-----------------------------------------------------------
start_gui
open_project C:/Users/BidlackD/Documents/Git/ML-HFT-FPGA/ML-HFT-FPGA.xpr
update_compile_order -fileset sources_1
get_board_parts
set_property is_enabled false [get_files  C:/Users/BidlackD/Documents/Git/ML-HFT-FPGA/ML-HFT-FPGA.srcs/sources_1/new/MLA.v]
set_property is_enabled false [get_files  C:/Users/BidlackD/Documents/Git/ML-HFT-FPGA/ML-HFT-FPGA.srcs/sources_1/new/I2C.v]
close [ open C:/Users/BidlackD/Documents/Git/ML-HFT-FPGA/ML-HFT-FPGA.srcs/sources_1/new/UART_TX.v w ]
add_files C:/Users/BidlackD/Documents/Git/ML-HFT-FPGA/ML-HFT-FPGA.srcs/sources_1/new/UART_TX.v
close [ open C:/Users/BidlackD/Documents/Git/ML-HFT-FPGA/ML-HFT-FPGA.srcs/sources_1/new/UART_RX.v w ]
add_files C:/Users/BidlackD/Documents/Git/ML-HFT-FPGA/ML-HFT-FPGA.srcs/sources_1/new/UART_RX.v
update_compile_order -fileset sources_1
add_files -norecurse C:/Users/BidlackD/Documents/Git/ML-HFT-FPGA/ML-HFT-FPGA.srcs/sources_1/new/UART_RX.v
set_property is_enabled false [get_files  C:/Users/BidlackD/Documents/Git/ML-HFT-FPGA/ML-HFT-FPGA.srcs/sources_1/new/UART_TX.v]
